// Jest Snapshot v1, https://goo.gl/fbAQLP

exports[`Test components Quote test 1`] = `
<section
  className="quotes"
>
  <p
    className="quote"
    style={
      Object {
        "fontSize": "24px",
        "paddingBottom": "20px",
      }
    }
  />
  <p
    className="author"
    style={
      Object {
        "color": "#c6e6ff",
        "fontFamily": "'Goudy Bookletter 1911', serif",
        "fontSize": "26px",
        "fontStyle": "italic",
      }
    }
  >
    _
    .
  </p>
</section>
`;
